// Jest Snapshot v1, https://goo.gl/fbAQLP

exports[`Login screen renders correctly 1`] = `
<View
  style={
    Object {
      "marginTop": 120,
      "padding": 8,
    }
  }
>
  <Text>
    login:form.label
  </Text>
  <TextInput
    onChangeText={[Function]}
    placeholder="login:form.label"
    style={
      Object {
        "borderColor": "#000000",
        "borderRadius": 12,
        "borderWidth": 1,
        "height": 50,
        "marginBottom": 12,
        "padding": 8,
      }
    }
    value=""
  />
  <View
    accessible={true}
    collapsable={false}
    focusable={true}
    onClick={[Function]}
    onResponderGrant={[Function]}
    onResponderMove={[Function]}
    onResponderRelease={[Function]}
    onResponderTerminate={[Function]}
    onResponderTerminationRequest={[Function]}
    onStartShouldSetResponder={[Function]}
    style={
      Object {
        "alignItems": "center",
        "backgroundColor": "#000000",
        "borderRadius": 16,
        "height": 40,
        "justifyContent": "center",
        "margin": 4,
        "minWidth": 100,
        "opacity": 1,
        "padding": 8,
      }
    }
  >
    <Text
      style={
        Object {
          "color": "#ffffff",
        }
      }
    >
      login:getDetails
    </Text>
  </View>
</View>
`;
