// Jest Snapshot v1, https://goo.gl/fbAQLP

exports[`Settings screen renders correctly 1`] = `
<View
  style={
    Object {
      "alignItems": "center",
      "justifyContent": "center",
      "padding": 8,
    }
  }
>
  <View
    style={
      Object {
        "alignItems": "center",
        "justifyContent": "center",
        "padding": 8,
      }
    }
  >
    <Image
      resizeMode="contain"
      source={
        Object {
          "uri": undefined,
        }
      }
      style={
        Object {
          "borderColor": "#000000",
          "borderRadius": 100,
          "borderWidth": 1,
          "height": 100,
          "marginBottom": 12,
          "width": 100,
        }
      }
    />
    <Text>
      - 
       
      settings
    </Text>
  </View>
  <View
    style={
      Object {
        "flexDirection": "row",
        "justifyContent": "space-around",
      }
    }
  >
    <View
      accessible={true}
      collapsable={false}
      focusable={true}
      onClick={[Function]}
      onResponderGrant={[Function]}
      onResponderMove={[Function]}
      onResponderRelease={[Function]}
      onResponderTerminate={[Function]}
      onResponderTerminationRequest={[Function]}
      onStartShouldSetResponder={[Function]}
      style={
        Object {
          "alignItems": "center",
          "backgroundColor": "#000000",
          "borderRadius": 16,
          "height": 40,
          "justifyContent": "center",
          "margin": 4,
          "minWidth": 100,
          "opacity": 1,
          "padding": 8,
        }
      }
    >
      <Text
        style={
          Object {
            "color": "#ffffff",
          }
        }
      >
        en
      </Text>
    </View>
    <View
      accessible={true}
      collapsable={false}
      focusable={true}
      onClick={[Function]}
      onResponderGrant={[Function]}
      onResponderMove={[Function]}
      onResponderRelease={[Function]}
      onResponderTerminate={[Function]}
      onResponderTerminationRequest={[Function]}
      onStartShouldSetResponder={[Function]}
      style={
        Object {
          "alignItems": "center",
          "backgroundColor": "#000000",
          "borderRadius": 16,
          "height": 40,
          "justifyContent": "center",
          "margin": 4,
          "minWidth": 100,
          "opacity": 1,
          "padding": 8,
        }
      }
    >
      <Text
        style={
          Object {
            "color": "#ffffff",
          }
        }
      >
        hi
      </Text>
    </View>
  </View>
  <View
    accessible={true}
    collapsable={false}
    focusable={true}
    onClick={[Function]}
    onResponderGrant={[Function]}
    onResponderMove={[Function]}
    onResponderRelease={[Function]}
    onResponderTerminate={[Function]}
    onResponderTerminationRequest={[Function]}
    onStartShouldSetResponder={[Function]}
    style={
      Object {
        "alignItems": "center",
        "backgroundColor": "#000000",
        "borderRadius": 16,
        "height": 40,
        "justifyContent": "center",
        "margin": 4,
        "minWidth": 100,
        "opacity": 1,
        "padding": 8,
      }
    }
  >
    <Text
      style={
        Object {
          "color": "#ffffff",
        }
      }
    >
      logout
    </Text>
  </View>
</View>
`;
